\BOOKMARK [0][-]{chapter.1}{\376\377\000C\000o\000m\000b\000i\000n\000a\000t\000o\000r\000i\000c\000s}{}% 1
\BOOKMARK [1][-]{section.1.1}{\376\377\000B\000a\000s\000i\000c\000\040\000C\000o\000u\000n\000t\000i\000n\000g\000\040\000P\000r\000i\000n\000c\000i\000p\000l\000e\000s}{chapter.1}% 2
\BOOKMARK [1][-]{section.1.2}{\376\377\000P\000e\000r\000m\000u\000t\000a\000t\000i\000o\000n\000s}{chapter.1}% 3
\BOOKMARK [1][-]{section.1.3}{\376\377\000C\000o\000m\000b\000i\000n\000a\000t\000i\000o\000n\000s}{chapter.1}% 4
\BOOKMARK [1][-]{section.1.4}{\376\377\000B\000i\000n\000o\000m\000i\000a\000l\000\040\000a\000n\000d\000\040\000M\000u\000l\000t\000i\000n\000o\000m\000i\000a\000l\000\040\000C\000o\000e\000f\000f\000i\000c\000i\000e\000n\000t\000s}{chapter.1}% 5
\BOOKMARK [1][-]{section.1.5}{\376\377\000P\000r\000i\000n\000c\000i\000p\000l\000e\000\040\000o\000f\000\040\000I\000n\000c\000l\000u\000s\000i\000o\000n\000\040\000a\000n\000d\000\040\000E\000x\000c\000l\000u\000s\000i\000o\000n\000\040\000\050\000P\000I\000E\000\051}{chapter.1}% 6
\BOOKMARK [1][-]{section.1.6}{\376\377\000D\000i\000s\000t\000r\000i\000b\000u\000t\000i\000o\000n\000\040\000P\000r\000o\000b\000l\000e\000m\000s}{chapter.1}% 7
\BOOKMARK [1][-]{section.1.7}{\376\377\000P\000i\000g\000e\000o\000n\000h\000o\000l\000e\000\040\000P\000r\000i\000n\000c\000i\000p\000l\000e}{chapter.1}% 8
\BOOKMARK [0][-]{chapter.2}{\376\377\000T\000o\000o\000l\000s\000\040\000f\000o\000r\000\040\000C\000o\000m\000b\000i\000n\000a\000t\000o\000r\000i\000a\000l\000\040\000P\000r\000o\000b\000l\000e\000m\000s}{}% 9
\BOOKMARK [1][-]{section.2.1}{\376\377\000O\000r\000d\000i\000n\000a\000r\000y\000\040\000G\000e\000n\000e\000r\000a\000t\000i\000n\000g\000\040\000F\000u\000n\000c\000t\000i\000o\000n\000s}{chapter.2}% 10
\BOOKMARK [1][-]{section.2.2}{\376\377\000E\000x\000p\000o\000n\000e\000n\000t\000i\000a\000l\000\040\000G\000e\000n\000e\000r\000a\000t\000i\000n\000g\000\040\000F\000u\000n\000c\000t\000i\000o\000n\000s}{chapter.2}% 11
\BOOKMARK [1][-]{section.2.3}{\376\377\000R\000e\000c\000u\000r\000r\000e\000n\000c\000e\000\040\000R\000e\000l\000a\000t\000i\000o\000n\000s}{chapter.2}% 12
\BOOKMARK [0][-]{chapter.3}{\376\377\000G\000r\000a\000p\000h\000\040\000T\000h\000e\000o\000r\000y}{}% 13
\BOOKMARK [1][-]{section.3.1}{\376\377\000G\000r\000a\000p\000h\000\040\000S\000t\000r\000u\000c\000t\000u\000r\000e\000s}{chapter.3}% 14
\BOOKMARK [1][-]{section.3.2}{\376\377\000G\000r\000a\000p\000h\000\040\000I\000s\000o\000m\000o\000r\000p\000h\000i\000s\000m}{chapter.3}% 15
\BOOKMARK [1][-]{section.3.3}{\376\377\000G\000r\000a\000p\000h\000\040\000T\000r\000a\000v\000e\000r\000s\000a\000l}{chapter.3}% 16
\BOOKMARK [1][-]{section.3.4}{\376\377\000W\000e\000i\000g\000h\000t\000e\000d\000\040\000G\000r\000a\000p\000h\000s}{chapter.3}% 17
\BOOKMARK [1][-]{section.3.5}{\376\377\000G\000r\000a\000p\000h\000s\000\040\000a\000n\000d\000\040\000M\000a\000t\000r\000i\000c\000e\000s}{chapter.3}% 18
\BOOKMARK [1][-]{section.3.6}{\376\377\000B\000i\000p\000a\000r\000t\000i\000t\000e\000\040\000G\000r\000a\000p\000h\000s}{chapter.3}% 19
\BOOKMARK [1][-]{section.3.7}{\376\377\000T\000r\000e\000e\000s}{chapter.3}% 20
\BOOKMARK [2][-]{subsection.3.7.1}{\376\377\000S\000p\000a\000n\000n\000i\000n\000g\000\040\000T\000r\000e\000e\000s}{section.3.7}% 21
